../Src/009spi_message_rcv_it.c:25:6:delay	16	static
../Src/009spi_message_rcv_it.c:39:6:SPI2_GPIOInits	24	static
../Src/009spi_message_rcv_it.c:67:6:SPI2_Inits	8	static
../Src/009spi_message_rcv_it.c:81:6:Slave_GPIO_InterruptPinInit	24	static
../Src/009spi_message_rcv_it.c:99:5:main	16	static
../Src/009spi_message_rcv_it.c:160:6:SPI2_IRQHandler	8	static
../Src/009spi_message_rcv_it.c:165:6:SPI_ApplicationEventCallback	16	static
../Src/009spi_message_rcv_it.c:180:6:EXTI9_5_IRQHandler	8	static
